PIF{
	PIFEntry{ Token="i64"; Type="2"; Hash=-1; Index=-1 }
	PIFEntry{ Token="n1"; Type="3"; Hash=159; Index=0 }
	PIFEntry{ Token=","; Type="6"; Hash=-1; Index=-1 }
	PIFEntry{ Token="n2"; Type="3"; Hash=160; Index=0 }
	PIFEntry{ Token=","; Type="6"; Hash=-1; Index=-1 }
	PIFEntry{ Token="n3"; Type="3"; Hash=161; Index=0 }
	PIFEntry{ Token="
"; Type="0"; Hash=-1; Index=-1 }
	PIFEntry{ Token="clread"; Type="2"; Hash=-1; Index=-1 }
	PIFEntry{ Token="n1"; Type="3"; Hash=159; Index=0 }
	PIFEntry{ Token=","; Type="6"; Hash=-1; Index=-1 }
	PIFEntry{ Token="n2"; Type="3"; Hash=160; Index=0 }
	PIFEntry{ Token=","; Type="6"; Hash=-1; Index=-1 }
	PIFEntry{ Token="n3"; Type="3"; Hash=161; Index=0 }
	PIFEntry{ Token="
"; Type="0"; Hash=-1; Index=-1 }
	PIFEntry{ Token="if"; Type="2"; Hash=-1; Index=-1 }
	PIFEntry{ Token="("; Type="6"; Hash=-1; Index=-1 }
	PIFEntry{ Token="n1"; Type="3"; Hash=159; Index=0 }
	PIFEntry{ Token=">"; Type="1"; Hash=-1; Index=-1 }
	PIFEntry{ Token="n2"; Type="3"; Hash=160; Index=0 }
	PIFEntry{ Token="&&"; Type="1"; Hash=-1; Index=-1 }
	PIFEntry{ Token="n1"; Type="3"; Hash=159; Index=0 }
	PIFEntry{ Token=">"; Type="1"; Hash=-1; Index=-1 }
	PIFEntry{ Token="n3"; Type="3"; Hash=161; Index=0 }
	PIFEntry{ Token=")"; Type="6"; Hash=-1; Index=-1 }
	PIFEntry{ Token="{"; Type="6"; Hash=-1; Index=-1 }
	PIFEntry{ Token="
"; Type="0"; Hash=-1; Index=-1 }
	PIFEntry{ Token="clwrite"; Type="2"; Hash=-1; Index=-1 }
	PIFEntry{ Token="The maximum number is: "; Type="5"; Hash=2110; Index=0 }
	PIFEntry{ Token=","; Type="6"; Hash=-1; Index=-1 }
	PIFEntry{ Token="n1"; Type="3"; Hash=159; Index=0 }
	PIFEntry{ Token=","; Type="6"; Hash=-1; Index=-1 }
	PIFEntry{ Token="\n"; Type="5"; Hash=202; Index=0 }
	PIFEntry{ Token="
"; Type="0"; Hash=-1; Index=-1 }
	PIFEntry{ Token="}"; Type="6"; Hash=-1; Index=-1 }
	PIFEntry{ Token="
"; Type="0"; Hash=-1; Index=-1 }
	PIFEntry{ Token="if"; Type="2"; Hash=-1; Index=-1 }
	PIFEntry{ Token="("; Type="6"; Hash=-1; Index=-1 }
	PIFEntry{ Token="n2"; Type="3"; Hash=160; Index=0 }
	PIFEntry{ Token=">"; Type="1"; Hash=-1; Index=-1 }
	PIFEntry{ Token="n1"; Type="3"; Hash=159; Index=0 }
	PIFEntry{ Token="&&"; Type="1"; Hash=-1; Index=-1 }
	PIFEntry{ Token="n2"; Type="3"; Hash=160; Index=0 }
	PIFEntry{ Token=">"; Type="1"; Hash=-1; Index=-1 }
	PIFEntry{ Token="n3"; Type="3"; Hash=161; Index=0 }
	PIFEntry{ Token=")"; Type="6"; Hash=-1; Index=-1 }
	PIFEntry{ Token="{"; Type="6"; Hash=-1; Index=-1 }
	PIFEntry{ Token="
"; Type="0"; Hash=-1; Index=-1 }
	PIFEntry{ Token="clwrite"; Type="2"; Hash=-1; Index=-1 }
	PIFEntry{ Token="The maximum number is: "; Type="5"; Hash=2110; Index=0 }
	PIFEntry{ Token=","; Type="6"; Hash=-1; Index=-1 }
	PIFEntry{ Token="n2"; Type="3"; Hash=160; Index=0 }
	PIFEntry{ Token=","; Type="6"; Hash=-1; Index=-1 }
	PIFEntry{ Token="\n"; Type="5"; Hash=202; Index=0 }
	PIFEntry{ Token="
"; Type="0"; Hash=-1; Index=-1 }
	PIFEntry{ Token="}"; Type="6"; Hash=-1; Index=-1 }
	PIFEntry{ Token="
"; Type="0"; Hash=-1; Index=-1 }
	PIFEntry{ Token="if"; Type="2"; Hash=-1; Index=-1 }
	PIFEntry{ Token="("; Type="6"; Hash=-1; Index=-1 }
	PIFEntry{ Token="n1"; Type="3"; Hash=159; Index=0 }
	PIFEntry{ Token="<"; Type="1"; Hash=-1; Index=-1 }
	PIFEntry{ Token="n3"; Type="3"; Hash=161; Index=0 }
	PIFEntry{ Token="&&"; Type="1"; Hash=-1; Index=-1 }
	PIFEntry{ Token="n2"; Type="3"; Hash=160; Index=0 }
	PIFEntry{ Token="<"; Type="1"; Hash=-1; Index=-1 }
	PIFEntry{ Token="n3"; Type="3"; Hash=161; Index=0 }
	PIFEntry{ Token=")"; Type="6"; Hash=-1; Index=-1 }
	PIFEntry{ Token="{"; Type="6"; Hash=-1; Index=-1 }
	PIFEntry{ Token="
"; Type="0"; Hash=-1; Index=-1 }
	PIFEntry{ Token="clwrite"; Type="2"; Hash=-1; Index=-1 }
	PIFEntry{ Token="The maximum number is: "; Type="5"; Hash=2110; Index=0 }
	PIFEntry{ Token=","; Type="6"; Hash=-1; Index=-1 }
	PIFEntry{ Token="n3"; Type="3"; Hash=161; Index=0 }
	PIFEntry{ Token=","; Type="6"; Hash=-1; Index=-1 }
	PIFEntry{ Token="\n"; Type="5"; Hash=202; Index=0 }
	PIFEntry{ Token="
"; Type="0"; Hash=-1; Index=-1 }
	PIFEntry{ Token="}"; Type="6"; Hash=-1; Index=-1 }
}
