PIF{
	PIFEntry{ Token="i64"; Type="2"; Hash=-1; Index=-1 }
	PIFEntry{ Token="n"; Type="3"; Hash=110; Index=0 }
	PIFEntry{ Token=","; Type="6"; Hash=-1; Index=-1 }
	PIFEntry{ Token="a"; Type="3"; Hash=97; Index=0 }
	PIFEntry{ Token=","; Type="6"; Hash=-1; Index=-1 }
	PIFEntry{ Token="sum"; Type="3"; Hash=341; Index=0 }
	PIFEntry{ Token="
"; Type="0"; Hash=-1; Index=-1 }
	PIFEntry{ Token="clwrite"; Type="2"; Hash=-1; Index=-1 }
	PIFEntry{ Token="n = "; Type="5"; Hash=235; Index=0 }
	PIFEntry{ Token="
"; Type="0"; Hash=-1; Index=-1 }
	PIFEntry{ Token="clread"; Type="2"; Hash=-1; Index=-1 }
	PIFEntry{ Token="n"; Type="3"; Hash=110; Index=0 }
	PIFEntry{ Token="
"; Type="0"; Hash=-1; Index=-1 }
	PIFEntry{ Token="clwrite"; Type="2"; Hash=-1; Index=-1 }
	PIFEntry{ Token="Input "; Type="5"; Hash=560; Index=0 }
	PIFEntry{ Token=","; Type="6"; Hash=-1; Index=-1 }
	PIFEntry{ Token="n"; Type="3"; Hash=110; Index=0 }
	PIFEntry{ Token=","; Type="6"; Hash=-1; Index=-1 }
	PIFEntry{ Token=" numbers"; Type="5"; Hash=796; Index=0 }
	PIFEntry{ Token="
"; Type="0"; Hash=-1; Index=-1 }
	PIFEntry{ Token="i64"; Type="2"; Hash=-1; Index=-1 }
	PIFEntry{ Token="i"; Type="3"; Hash=105; Index=0 }
	PIFEntry{ Token="="; Type="1"; Hash=-1; Index=-1 }
	PIFEntry{ Token="0"; Type="4"; Hash=0; Index=0 }
	PIFEntry{ Token="
"; Type="0"; Hash=-1; Index=-1 }
	PIFEntry{ Token="while"; Type="2"; Hash=-1; Index=-1 }
	PIFEntry{ Token="("; Type="6"; Hash=-1; Index=-1 }
	PIFEntry{ Token="i"; Type="3"; Hash=105; Index=0 }
	PIFEntry{ Token="<"; Type="1"; Hash=-1; Index=-1 }
	PIFEntry{ Token="n"; Type="3"; Hash=110; Index=0 }
	PIFEntry{ Token=")"; Type="6"; Hash=-1; Index=-1 }
	PIFEntry{ Token="{"; Type="6"; Hash=-1; Index=-1 }
	PIFEntry{ Token="
"; Type="0"; Hash=-1; Index=-1 }
	PIFEntry{ Token="clread"; Type="2"; Hash=-1; Index=-1 }
	PIFEntry{ Token="a"; Type="3"; Hash=97; Index=0 }
	PIFEntry{ Token="
"; Type="0"; Hash=-1; Index=-1 }
	PIFEntry{ Token="sum"; Type="3"; Hash=341; Index=0 }
	PIFEntry{ Token="="; Type="1"; Hash=-1; Index=-1 }
	PIFEntry{ Token="sum"; Type="3"; Hash=341; Index=0 }
	PIFEntry{ Token="+"; Type="1"; Hash=-1; Index=-1 }
	PIFEntry{ Token="a"; Type="3"; Hash=97; Index=0 }
	PIFEntry{ Token="
"; Type="0"; Hash=-1; Index=-1 }
	PIFEntry{ Token="i"; Type="3"; Hash=105; Index=0 }
	PIFEntry{ Token="="; Type="1"; Hash=-1; Index=-1 }
	PIFEntry{ Token="i"; Type="3"; Hash=105; Index=0 }
	PIFEntry{ Token="+"; Type="1"; Hash=-1; Index=-1 }
	PIFEntry{ Token="1"; Type="4"; Hash=1; Index=0 }
	PIFEntry{ Token="
"; Type="0"; Hash=-1; Index=-1 }
	PIFEntry{ Token="}"; Type="6"; Hash=-1; Index=-1 }
	PIFEntry{ Token="
"; Type="0"; Hash=-1; Index=-1 }
	PIFEntry{ Token="clwrite"; Type="2"; Hash=-1; Index=-1 }
	PIFEntry{ Token="Average"; Type="5"; Hash=699; Index=0 }
	PIFEntry{ Token=","; Type="6"; Hash=-1; Index=-1 }
	PIFEntry{ Token="sum"; Type="3"; Hash=341; Index=0 }
	PIFEntry{ Token="/"; Type="1"; Hash=-1; Index=-1 }
	PIFEntry{ Token="n"; Type="3"; Hash=110; Index=0 }
}
